2026-10-05T07:18:58.241Z west build --build-dir e:/ncs_workspaces/project/new/802154_sniffer/build e:/ncs_workspaces/project/new/802154_sniffer --pristine --board promicro_nrf52840_my/nrf52840 -- -DCONFIG_DEBUG_THREAD_INFO=y -DBOARD_ROOT="e:/ncs_workspaces/project/new/802154_sniffer"
2026-10-05T07:18:58.952Z -- west build: generating a build system
2026-10-05T07:18:59.442Z -- Found Python3: E:/ncs_toolchains/toolchains/dcbdc366a1/opt/bin/python.exe (found suitable version "3.12.4", minimum required is "3.12") found components: Interpreter
2026-10-05T07:18:59.488Z -- Cache files will be written to: E:/ncs_workspaces/zigbee-r23-340/zephyr/.cache
2026-10-05T07:18:59.678Z -- Found west (found suitable version "1.5.0", minimum required is "0.14.0")
2026-10-05T07:19:02.593Z -- Board: promicro_nrf52840_my, qualifiers: nrf52840
2026-10-05T07:19:04.402Z Parsing e:/ncs_workspaces/project/new/802154_sniffer/Kconfig.sysbuild
2026-10-05T07:19:04.403Z Loaded configuration 'E:/ncs_workspaces/project/new/802154_sniffer/build/_sysbuild/empty.conf'
2026-10-05T07:19:04.403Z Merged configuration 'e:/ncs_workspaces/project/new/802154_sniffer/sysbuild.conf'
2026-10-05T07:19:04.403Z Configuration saved to 'E:/ncs_workspaces/project/new/802154_sniffer/build/zephyr/.config'
2026-10-05T07:19:04.403Z Kconfig header saved to 'E:/ncs_workspaces/project/new/802154_sniffer/build/_sysbuild/autoconf.h'
2026-10-05T07:19:04.588Z -- 
2026-10-05T07:19:04.589Z    ************************************
2026-10-05T07:19:04.589Z    * Running CMake for 802154_sniffer *
2026-10-05T07:19:04.589Z    ************************************
2026-10-05T07:19:04.589Z 
2026-10-05T07:19:04.623Z -- Application: E:/ncs_workspaces/project/new/802154_sniffer
2026-10-05T07:19:04.623Z -- CMake version: 4.2.1
2026-10-05T07:19:04.986Z -- Found Python3: E:/ncs_toolchains/toolchains/dcbdc366a1/opt/bin/python.exe (found suitable version "3.12.4", minimum required is "3.12") found components: Interpreter
2026-10-05T07:19:05.021Z -- Cache files will be written to: E:/ncs_workspaces/zigbee-r23-340/zephyr/.cache
2026-10-05T07:19:05.035Z -- Zephyr version: 4.4.0 (E:/ncs_workspaces/zigbee-r23-340/zephyr)
2026-10-05T07:19:05.183Z -- Found west (found suitable version "1.5.0", minimum required is "0.14.0")
2026-10-05T07:19:07.445Z -- Board: promicro_nrf52840_my, qualifiers: nrf52840
2026-10-05T07:19:08.822Z -- Found host-tools: zephyr 1.0.1 (E:/ncs_toolchains/toolchains/dcbdc366a1/opt/zephyr-sdk)
2026-10-05T07:19:08.840Z -- Found toolchain: zephyr 1.0.1 (E:/ncs_toolchains/toolchains/dcbdc366a1/opt/zephyr-sdk)
2026-10-05T07:19:08.900Z -- Found Dtc: E:/ncs_toolchains/toolchains/dcbdc366a1/opt/bin/dtc.exe (found suitable version "1.4.7", minimum required is "1.4.6")
2026-10-05T07:19:08.915Z -- Found BOARD.dts: E:/ncs_workspaces/project/new/802154_sniffer/boards/others/promicro_nrf52840_my/promicro_nrf52840_my_nrf52840.dts
2026-10-05T07:19:08.915Z -- Found devicetree overlay: E:/ncs_workspaces/project/new/802154_sniffer/boards/promicro_nrf52840_my_nrf52840.overlay
2026-10-05T07:19:09.635Z -- Generated zephyr.dts: E:/ncs_workspaces/project/new/802154_sniffer/build/802154_sniffer/zephyr/zephyr.dts
2026-10-05T07:19:09.635Z -- Generated pickled edt: E:/ncs_workspaces/project/new/802154_sniffer/build/802154_sniffer/zephyr/edt.pickle
2026-10-05T07:19:09.827Z -- Generated devicetree_generated.h: E:/ncs_workspaces/project/new/802154_sniffer/build/802154_sniffer/zephyr/include/generated/zephyr/devicetree_generated.h
2026-10-05T07:19:13.397Z Parsing E:/ncs_workspaces/zigbee-r23-340/zephyr/Kconfig
2026-10-05T07:19:13.397Z Loaded configuration 'E:/ncs_workspaces/project/new/802154_sniffer/boards/others/promicro_nrf52840_my/promicro_nrf52840_my_nrf52840_defconfig'
2026-10-05T07:19:13.397Z Merged configuration 'E:/ncs_workspaces/project/new/802154_sniffer/prj.conf'
2026-10-05T07:19:13.397Z Merged configuration 'E:/ncs_workspaces/project/new/802154_sniffer/build/802154_sniffer/zephyr/misc/generated/extra_kconfig_options.conf'
2026-10-05T07:19:13.397Z Merged configuration 'E:/ncs_workspaces/project/new/802154_sniffer/build/802154_sniffer/zephyr/.config.sysbuild'
2026-10-05T07:19:13.397Z Configuration saved to 'E:/ncs_workspaces/project/new/802154_sniffer/build/802154_sniffer/zephyr/.config'
2026-10-05T07:19:13.397Z Kconfig header saved to 'E:/ncs_workspaces/project/new/802154_sniffer/build/802154_sniffer/zephyr/include/generated/zephyr/autoconf.h'
2026-10-05T07:19:14.213Z -- Found GnuLd: E:/ncs_toolchains/toolchains/dcbdc366a1/opt/zephyr-sdk/gnu/arm-zephyr-eabi/arm-zephyr-eabi/bin/ld.bfd.exe (found version "2.43.1")
2026-10-05T07:19:14.477Z -- The C compiler identification is GNU 14.3.0
2026-10-05T07:19:14.685Z -- The CXX compiler identification is GNU 14.3.0
2026-10-05T07:19:14.764Z -- The ASM compiler identification is GNU
2026-10-05T07:19:14.784Z -- Found assembler: E:/ncs_toolchains/toolchains/dcbdc366a1/opt/zephyr-sdk/gnu/arm-zephyr-eabi/bin/arm-zephyr-eabi-gcc.exe
2026-10-05T07:19:16.585Z -- Using ccache: E:/ncs_toolchains/toolchains/dcbdc366a1/opt/bin/ccache.exe
2026-10-05T07:19:16.778Z -- Found gen_kobject_list: E:/ncs_workspaces/zigbee-r23-340/zephyr/scripts/build/gen_kobject_list.py
2026-10-05T07:19:16.986Z -- Configuring done (12.4s)
2026-10-05T07:19:17.555Z -- Generating done (0.5s)
2026-10-05T07:19:17.555Z -- Build files have been written to: E:/ncs_workspaces/project/new/802154_sniffer/build/802154_sniffer
2026-10-05T07:19:17.910Z -- Configuring done (18.9s)
2026-10-05T07:19:17.952Z -- Generating done (0.0s)
2026-10-05T07:19:17.953Z -- Build files have been written to: E:/ncs_workspaces/project/new/802154_sniffer/build
2026-10-05T07:19:17.974Z -- west build: building application
2026-10-05T07:19:18.110Z [1/8] Creating directories for '802154_sniffer'
2026-10-05T07:19:18.174Z [2/8] No download step for '802154_sniffer'
2026-10-05T07:19:18.431Z [3/8] No update step for '802154_sniffer'
2026-10-05T07:19:18.431Z [4/8] No patch step for '802154_sniffer'
2026-10-05T07:19:18.431Z [5/8] No configure step for '802154_sniffer'
2026-10-05T07:19:18.431Z [5/8] Performing build step for '802154_sniffer'
2026-10-05T07:19:18.664Z [1/303] Generating ../../zephyr/include/generated/ncs_commit.h
2026-10-05T07:19:18.665Z [2/303] Generating ../../zephyr/include/generated/ncs_version.h
2026-10-05T07:19:18.669Z [3/303] Generating ../../zephyr/include/generated/zephyr_commit.h
2026-10-05T07:19:18.791Z [4/303] Generating include/generated/zephyr/version.h
2026-10-05T07:19:18.791Z -- Zephyr version: 4.4.0 (E:/ncs_workspaces/zigbee-r23-340/zephyr), build: ncs-v3.4.0
2026-10-05T07:19:19.457Z [5/303] Generating misc/generated/syscalls.json, misc/generated/struct_tags.json
2026-10-05T07:19:19.595Z [6/303] Generating include/generated/device-api-sections.ld, include/generated/device-api-sections.cmake
2026-10-05T07:19:19.640Z [7/303] Generating include/generated/zephyr/syscall_dispatch.c, include/generated/zephyr/syscall_exports_llext.c, syscall_weakdefs_llext.c, include/generated/zephyr/syscall_list.h
2026-10-05T07:19:19.680Z [8/303] Generating include/generated/zephyr/driver-validation.h
2026-10-05T07:19:19.688Z [9/303] Generating include/generated/zephyr/kobj-types-enum.h, include/generated/zephyr/otype-to-str.h, include/generated/zephyr/otype-to-size.h
2026-10-05T07:19:19.855Z [10/303] Building C object zephyr/lib/heap/CMakeFiles/heap_constants.dir/heap_constants.c.obj
2026-10-05T07:19:20.023Z [11/303] Generating ../../include/generated/zephyr/heap_constants.h
2026-10-05T07:19:20.666Z [12/303] Building C object zephyr/CMakeFiles/offsets.dir/arch/arm/core/offsets/offsets.c.obj
2026-10-05T07:19:20.817Z [13/303] Generating include/generated/zephyr/offsets.h
2026-10-05T07:19:21.798Z [14/303] Building C object modules/hal_nordic/modules/hal_nordic/nrf_802154/CMakeFiles/nrf-802154-platform.dir/radio/platform/nrf_802154_random_zephyr.c.obj
2026-10-05T07:19:22.461Z [15/303] Building C object modules/hal_nordic/modules/hal_nordic/nrf_802154/CMakeFiles/nrf-802154-platform.dir/sl_opensource/platform/nrf_802154_irq_zephyr.c.obj
2026-10-05T07:19:22.616Z [16/303] Building C object modules/hal_nordic/modules/hal_nordic/nrf_802154/CMakeFiles/nrf-802154-platform.dir/d4335d5aa312d92b209a6603da32d51e/modules/nrfxlib/nrf_802154/sl/platform/nrf_802154_hp_timer.c.obj
2026-10-05T07:19:22.650Z [17/303] Building C object modules/hal_nordic/modules/hal_nordic/nrf_802154/CMakeFiles/nrf-802154-platform.dir/nrf_802154_assert_handler.c.obj
2026-10-05T07:19:22.682Z [18/303] Building C object modules/hal_nordic/modules/hal_nordic/nrf_802154/CMakeFiles/nrf-802154-platform.dir/sl_opensource/platform/nrf_802154_temperature_zephyr.c.obj
2026-10-05T07:19:22.752Z [19/303] Building C object modules/nrfxlib/nrf_802154/nrf_802154/common/CMakeFiles/nrf-802154-common.dir/src/nrf_802154_common_utils.c.obj
2026-10-05T07:19:22.796Z [20/303] Building C object zephyr/arch/common/CMakeFiles/isr_tables.dir/isr_tables.c.obj
2026-10-05T07:19:22.844Z [21/303] Building C object modules/hal_nordic/modules/hal_nordic/nrf_802154/CMakeFiles/nrf-802154-platform.dir/sl_opensource/platform/nrf_802154_clock_zephyr.c.obj
2026-10-05T07:19:22.916Z [22/303] Building C object modules/hal_nordic/modules/hal_nordic/nrf_802154/CMakeFiles/nrf-802154-platform.dir/e9f4190734d47e45adc92f9f329132e3/sl/platform/nrf_802154_platform_sl_lptimer_zephyr.c.obj
2026-10-05T07:19:23.003Z [23/303] Building C object zephyr/CMakeFiles/zephyr.dir/lib/libc/validate_libc.c.obj
2026-10-05T07:19:23.244Z [24/303] Building C object CMakeFiles/app.dir/src/main.c.obj
2026-10-05T07:19:23.310Z [25/303] Building C object zephyr/CMakeFiles/zephyr.dir/lib/os/clock.c.obj
2026-10-05T07:19:23.356Z [26/303] Building C object zephyr/CMakeFiles/zephyr.dir/lib/os/cbprintf_packaged.c.obj
2026-10-05T07:19:23.406Z [27/303] Building C object zephyr/CMakeFiles/zephyr.dir/lib/heap/heap.c.obj
2026-10-05T07:19:23.593Z [28/303] Building C object zephyr/CMakeFiles/zephyr.dir/lib/utils/hex.c.obj
2026-10-05T07:19:23.629Z [29/303] Building C object zephyr/CMakeFiles/zephyr.dir/lib/utils/dec.c.obj
2026-10-05T07:19:23.676Z [30/303] Building C object zephyr/CMakeFiles/zephyr.dir/lib/utils/set.c.obj
2026-10-05T07:19:23.900Z [31/303] Building C object zephyr/CMakeFiles/zephyr.dir/lib/os/printk.c.obj
2026-10-05T07:19:23.960Z [32/303] Linking C static library modules\hal_nordic\modules\hal_nordic\nrf_802154\libnrf-802154-platform.a
2026-10-05T07:19:24.040Z [33/303] Building C object zephyr/CMakeFiles/zephyr.dir/lib/utils/timeutil.c.obj
2026-10-05T07:19:24.128Z [34/303] Building C object zephyr/CMakeFiles/zephyr.dir/lib/utils/bitmask.c.obj
2026-10-05T07:19:24.300Z [35/303] Building C object zephyr/CMakeFiles/zephyr.dir/lib/os/sem.c.obj
2026-10-05T07:19:24.505Z [36/303] Building C object zephyr/CMakeFiles/zephyr.dir/lib/utils/last_section_id.c.obj
2026-10-05T07:19:24.734Z [37/303] Building C object zephyr/CMakeFiles/zephyr.dir/lib/os/thread_entry.c.obj
2026-10-05T07:19:24.813Z [38/303] Building C object zephyr/CMakeFiles/zephyr.dir/lib/utils/ring_buffer.c.obj
2026-10-05T07:19:24.853Z [39/303] Building C object zephyr/CMakeFiles/zephyr.dir/lib/os/assert.c.obj
2026-10-05T07:19:25.010Z [40/303] Building C object zephyr/CMakeFiles/zephyr.dir/lib/os/cbprintf_complete.c.obj
2026-10-05T07:19:25.069Z [41/303] Building C object zephyr/CMakeFiles/zephyr.dir/misc/generated/configs.c.obj
2026-10-05T07:19:25.308Z [42/303] Building C object zephyr/CMakeFiles/zephyr.dir/lib/utils/rb.c.obj
2026-10-05T07:19:25.367Z [43/303] Building C object zephyr/CMakeFiles/zephyr.dir/subsys/net/lib/utils/addr_utils.c.obj
2026-10-05T07:19:25.546Z [44/303] Building C object zephyr/CMakeFiles/zephyr.dir/lib/utils/getopt/getopt.c.obj
2026-10-05T07:19:25.642Z [45/303] Building C object zephyr/CMakeFiles/zephyr.dir/lib/utils/bitarray.c.obj
2026-10-05T07:19:25.848Z [46/303] Building C object zephyr/CMakeFiles/zephyr.dir/lib/utils/getopt/getopt_common.c.obj
2026-10-05T07:19:25.917Z [47/303] Building C object zephyr/CMakeFiles/zephyr.dir/lib/utils/notify.c.obj
2026-10-05T07:19:26.174Z [48/303] Building C object zephyr/CMakeFiles/zephyr.dir/lib/utils/onoff.c.obj
2026-10-05T07:19:26.201Z [49/303] Building C object zephyr/CMakeFiles/zephyr.dir/subsys/debug/thread_info.c.obj
2026-10-05T07:19:26.259Z [50/303] Building C object zephyr/CMakeFiles/zephyr.dir/subsys/mem_mgmt/mem_attr.c.obj
2026-10-05T07:19:26.401Z [51/303] Building C object zephyr/CMakeFiles/zephyr.dir/subsys/tracing/tracing_none.c.obj
2026-10-05T07:19:26.898Z [52/303] Building C object zephyr/CMakeFiles/zephyr.dir/subsys/shell/modules/kernel_service/kernel_shell.c.obj
2026-10-05T07:19:26.987Z [53/303] Building C object zephyr/CMakeFiles/zephyr.dir/subsys/usb/device_next/app/cdc_acm_serial.c.obj
2026-10-05T07:19:27.233Z [54/303] Building C object zephyr/CMakeFiles/zephyr.dir/subsys/shell/modules/kernel_service/cycles.c.obj
2026-10-05T07:19:27.302Z [55/303] Building C object zephyr/CMakeFiles/zephyr.dir/subsys/shell/modules/kernel_service/sleep.c.obj
2026-10-05T07:19:27.554Z [56/303] Building C object zephyr/CMakeFiles/zephyr.dir/subsys/shell/modules/kernel_service/version.c.obj
2026-10-05T07:19:27.643Z [57/303] Building C object zephyr/CMakeFiles/zephyr.dir/subsys/shell/modules/kernel_service/uptime.c.obj
2026-10-05T07:19:27.822Z [58/303] Building C object zephyr/CMakeFiles/zephyr.dir/subsys/shell/modules/kernel_service/thread/list.c.obj
2026-10-05T07:19:27.881Z [59/303] Building C object zephyr/CMakeFiles/zephyr.dir/subsys/shell/modules/kernel_service/thread/thread.c.obj
2026-10-05T07:19:27.975Z [60/303] Building C object zephyr/CMakeFiles/zephyr.dir/subsys/shell/modules/kernel_service/thread/stacks.c.obj
2026-10-05T07:19:28.104Z [61/303] Building C object zephyr/CMakeFiles/zephyr.dir/subsys/shell/modules/kernel_service/thread/suspend.c.obj
2026-10-05T07:19:28.430Z [62/303] Building C object zephyr/CMakeFiles/zephyr.dir/subsys/shell/modules/kernel_service/thread/resume.c.obj
2026-10-05T07:19:28.485Z [63/303] Building C object zephyr/CMakeFiles/zephyr.dir/subsys/shell/modules/device_service.c.obj
2026-10-05T07:19:28.526Z [64/303] Building C object zephyr/CMakeFiles/zephyr.dir/subsys/shell/modules/kernel_service/thread/kill.c.obj
2026-10-05T07:19:28.800Z [65/303] Building C object zephyr/CMakeFiles/zephyr.dir/subsys/shell/modules/date_service.c.obj
2026-10-05T07:19:29.054Z [66/303] Generating linker_zephyr_pre0.cmd
2026-10-05T07:19:29.166Z [67/303] Building C object zephyr/CMakeFiles/zephyr.dir/subsys/shell/modules/devmem_service.c.obj
2026-10-05T07:19:29.253Z [68/303] Building C object zephyr/CMakeFiles/zephyr.dir/subsys/shell/backends/shell_uart.c.obj
2026-10-05T07:19:29.593Z [69/303] Building C object zephyr/CMakeFiles/zephyr.dir/subsys/shell/shell_fprintf.c.obj
2026-10-05T07:19:29.954Z [70/303] Building C object zephyr/arch/common/CMakeFiles/arch__common.dir/init.c.obj
2026-10-05T07:19:30.085Z [71/303] Building C object zephyr/CMakeFiles/zephyr.dir/subsys/shell/shell_help.c.obj
2026-10-05T07:19:30.158Z [72/303] Building C object zephyr/CMakeFiles/zephyr.dir/subsys/shell/shell_history.c.obj
2026-10-05T07:19:30.223Z [73/303] Building C object zephyr/CMakeFiles/zephyr.dir/subsys/shell/shell_ops.c.obj
2026-10-05T07:19:30.291Z [74/303] Linking C static library zephyr\arch\common\libisr_tables.a
2026-10-05T07:19:30.354Z [75/303] Building C object zephyr/CMakeFiles/zephyr.dir/subsys/shell/shell_utils.c.obj
2026-10-05T07:19:30.399Z [76/303] Building C object zephyr/CMakeFiles/zephyr.dir/subsys/shell/shell.c.obj
2026-10-05T07:19:30.454Z [77/303] Building C object zephyr/CMakeFiles/zephyr.dir/E_/ncs_workspaces/zigbee-r23-340/nrfxlib/crypto/nrf_cc310_platform/src/nrf_cc3xx_platform_abort_zephyr.c.obj
2026-10-05T07:19:30.518Z [78/303] Building C object zephyr/CMakeFiles/zephyr.dir/subsys/shell/shell_wildcard.c.obj
2026-10-05T07:19:30.591Z [79/303] Building C object zephyr/CMakeFiles/zephyr.dir/subsys/shell/shell_cmds.c.obj
2026-10-05T07:19:30.646Z [80/303] Building C object zephyr/CMakeFiles/zephyr.dir/E_/ncs_workspaces/zigbee-r23-340/nrfxlib/crypto/nrf_cc310_platform/src/nrf_cc3xx_platform_mutex_zephyr.c.obj
2026-10-05T07:19:30.718Z [81/303] Building C object zephyr/arch/common/CMakeFiles/arch__common.dir/sw_isr_common.c.obj
2026-10-05T07:19:30.838Z [82/303] Building ASM object zephyr/arch/arch/arm/core/CMakeFiles/arch__arm__core.dir/nmi_on_reset.S.obj
2026-10-05T07:19:30.936Z [83/303] Building C object zephyr/arch/common/CMakeFiles/arch__common.dir/dynamic_isr.c.obj
2026-10-05T07:19:31.043Z [84/303] Building ASM object zephyr/arch/arch/arm/core/cortex_m/CMakeFiles/arch__arm__core__cortex_m.dir/fault_s.S.obj
2026-10-05T07:19:31.225Z [85/303] Building C object zephyr/arch/common/CMakeFiles/arch__common.dir/xip.c.obj
2026-10-05T07:19:31.326Z [86/303] Building ASM object zephyr/arch/arch/arm/core/cortex_m/CMakeFiles/arch__arm__core__cortex_m.dir/vector_table.S.obj
2026-10-05T07:19:31.387Z [87/303] Building ASM object zephyr/arch/arch/arm/core/cortex_m/CMakeFiles/arch__arm__core__cortex_m.dir/reset.S.obj
2026-10-05T07:19:31.464Z [88/303] Building ASM object zephyr/arch/arch/arm/core/cortex_m/CMakeFiles/arch__arm__core__cortex_m.dir/svc.S.obj
2026-10-05T07:19:31.932Z [89/303] Building C object zephyr/arch/arch/arm/core/CMakeFiles/arch__arm__core.dir/fatal.c.obj
2026-10-05T07:19:32.134Z [90/303] Building ASM object zephyr/arch/arch/arm/core/cortex_m/CMakeFiles/arch__arm__core__cortex_m.dir/swap_helper.S.obj
2026-10-05T07:19:32.153Z [91/303] Building C object zephyr/arch/arch/arm/core/CMakeFiles/arch__arm__core.dir/nmi.c.obj
2026-10-05T07:19:32.473Z [92/303] Building C object zephyr/arch/arch/arm/core/CMakeFiles/arch__arm__core.dir/tls.c.obj
2026-10-05T07:19:32.532Z [93/303] Building C object zephyr/arch/arch/arm/core/cortex_m/CMakeFiles/arch__arm__core__cortex_m.dir/fpu.c.obj
2026-10-05T07:19:32.598Z [94/303] Building ASM object zephyr/arch/arch/arm/core/cortex_m/CMakeFiles/arch__arm__core__cortex_m.dir/__aeabi_read_tp.S.obj
2026-10-05T07:19:32.692Z [95/303] Building C object zephyr/arch/arch/arm/core/cortex_m/CMakeFiles/arch__arm__core__cortex_m.dir/fault.c.obj
2026-10-05T07:19:32.792Z [96/303] Building C object zephyr/arch/arch/arm/core/cortex_m/CMakeFiles/arch__arm__core__cortex_m.dir/scb.c.obj
2026-10-05T07:19:32.841Z [97/303] Building C object zephyr/arch/arch/arm/core/cortex_m/CMakeFiles/arch__arm__core__cortex_m.dir/irq_manage.c.obj
2026-10-05T07:19:33.004Z [98/303] Building C object zephyr/arch/arch/arm/core/cortex_m/CMakeFiles/arch__arm__core__cortex_m.dir/prep_c.c.obj
2026-10-05T07:19:33.105Z [99/303] Building C object zephyr/arch/arch/arm/core/cortex_m/CMakeFiles/arch__arm__core__cortex_m.dir/thread.c.obj
2026-10-05T07:19:33.323Z [100/303] Building C object zephyr/arch/arch/arm/core/cortex_m/CMakeFiles/arch__arm__core__cortex_m.dir/cpu_idle.c.obj
2026-10-05T07:19:33.420Z [101/303] Building C object zephyr/arch/arch/arm/core/cortex_m/CMakeFiles/arch__arm__core__cortex_m.dir/irq_init.c.obj
2026-10-05T07:19:33.494Z [102/303] Building C object zephyr/arch/arch/arm/core/cortex_m/CMakeFiles/arch__arm__core__cortex_m.dir/exc_exit.c.obj
2026-10-05T07:19:33.554Z [103/303] Building C object zephyr/arch/arch/arm/core/cortex_m/CMakeFiles/arch__arm__core__cortex_m.dir/thread_abort.c.obj
2026-10-05T07:19:33.827Z [104/303] Building C object zephyr/arch/arch/arm/core/cortex_m/CMakeFiles/arch__arm__core__cortex_m.dir/isr_wrapper.c.obj
2026-10-05T07:19:34.153Z [105/303] Building C object zephyr/arch/arch/arm/core/mpu/CMakeFiles/arch__arm__core__mpu.dir/arm_core_mpu.c.obj
2026-10-05T07:19:34.210Z [106/303] Building C object zephyr/lib/libc/common/CMakeFiles/lib__libc__common.dir/source/time/time.c.obj
2026-10-05T07:19:34.312Z [107/303] Building C object zephyr/lib/posix/c_lib_ext/CMakeFiles/lib__posix__c_lib_ext.dir/fnmatch.c.obj
2026-10-05T07:19:34.477Z [108/303] Building C object zephyr/arch/arch/arm/core/mpu/CMakeFiles/arch__arm__core__mpu.dir/arm_mpu_regions.c.obj
2026-10-05T07:19:34.762Z [109/303] Building C object zephyr/arch/arch/arm/core/mpu/CMakeFiles/arch__arm__core__mpu.dir/arm_mpu.c.obj
2026-10-05T07:19:34.846Z [110/303] Building C object zephyr/lib/libc/picolibc/CMakeFiles/lib__libc__picolibc.dir/cbprintf.c.obj
2026-10-05T07:19:34.898Z [111/303] Building C object zephyr/lib/libc/picolibc/CMakeFiles/lib__libc__picolibc.dir/assert.c.obj
2026-10-05T07:19:34.985Z [112/303] Building C object zephyr/lib/libc/picolibc/CMakeFiles/lib__libc__picolibc.dir/chk_fail.c.obj
2026-10-05T07:19:35.195Z [113/303] Building C object zephyr/lib/libc/picolibc/CMakeFiles/lib__libc__picolibc.dir/errno_wrap.c.obj
2026-10-05T07:19:35.313Z [114/303] Building C object zephyr/lib/libc/picolibc/CMakeFiles/lib__libc__picolibc.dir/exit.c.obj
2026-10-05T07:19:35.387Z [115/303] Building C object zephyr/lib/libc/picolibc/CMakeFiles/lib__libc__picolibc.dir/locks.c.obj
2026-10-05T07:19:35.479Z [116/303] Building C object zephyr/lib/libc/common/CMakeFiles/lib__libc__common.dir/source/stdlib/abort.c.obj
2026-10-05T07:19:35.539Z [117/303] Building C object zephyr/lib/libc/picolibc/CMakeFiles/lib__libc__picolibc.dir/stdio.c.obj
2026-10-05T07:19:35.766Z [118/303] Building C object zephyr/lib/libc/common/CMakeFiles/lib__libc__common.dir/source/stdlib/malloc.c.obj
2026-10-05T07:19:36.127Z [119/303] Building C object zephyr/lib/posix/c_lib_ext/CMakeFiles/lib__posix__c_lib_ext.dir/getopt_shim.c.obj
2026-10-05T07:19:36.196Z [120/303] Building C object zephyr/lib/posix/c_lib_ext/CMakeFiles/lib__posix__c_lib_ext.dir/getentropy.c.obj
2026-10-05T07:19:36.660Z [121/303] Building C object zephyr/lib/net_buf/CMakeFiles/lib__net_buf.dir/buf.c.obj
2026-10-05T07:19:36.821Z [122/303] Building C object zephyr/soc/soc/nrf52840/CMakeFiles/soc__nordic.dir/validate_binding_headers.c.obj
2026-10-05T07:19:36.889Z [123/303] Building C object zephyr/soc/soc/nrf52840/CMakeFiles/soc__nordic.dir/validate_base_addresses.c.obj
2026-10-05T07:19:36.953Z [124/303] Building C object zephyr/lib/net_buf/CMakeFiles/lib__net_buf.dir/buf_simple.c.obj
2026-10-05T07:19:37.004Z [125/303] Building C object zephyr/soc/soc/nrf52840/CMakeFiles/soc__nordic.dir/validate_enabled_instances.c.obj
2026-10-05T07:19:37.070Z [126/303] Building C object zephyr/soc/soc/nrf52840/CMakeFiles/soc__nordic.dir/nrf52/soc.c.obj
2026-10-05T07:19:37.242Z [127/303] Building C object zephyr/soc/soc/nrf52840/CMakeFiles/soc__nordic.dir/common/reboot.c.obj
2026-10-05T07:19:37.292Z [128/303] Building C object zephyr/soc/soc/nrf52840/CMakeFiles/soc__nordic.dir/common/gppi_init.c.obj
2026-10-05T07:19:37.616Z [129/303] Building C object zephyr/subsys/random/CMakeFiles/subsys__random.dir/random_entropy_device.c.obj
2026-10-05T07:19:37.772Z [130/303] Building C object zephyr/subsys/usb/device_next/CMakeFiles/subsys__usb__device_next.dir/usbd_device.c.obj
2026-10-05T07:19:37.985Z [131/303] Building C object zephyr/subsys/usb/device_next/CMakeFiles/subsys__usb__device_next.dir/usbd_desc.c.obj
2026-10-05T07:19:38.647Z [132/303] Building C object zephyr/subsys/usb/device_next/CMakeFiles/subsys__usb__device_next.dir/usbd_core.c.obj
2026-10-05T07:19:38.819Z [133/303] Building C object zephyr/subsys/usb/device_next/CMakeFiles/subsys__usb__device_next.dir/usbd_ch9.c.obj
2026-10-05T07:19:38.907Z [134/303] Building C object zephyr/soc/soc/nrf52840/CMakeFiles/soc__nordic.dir/common/gpiote_nrfx.c.obj
2026-10-05T07:19:38.987Z [135/303] Building C object zephyr/subsys/usb/device_next/CMakeFiles/subsys__usb__device_next.dir/usbd_init.c.obj
2026-10-05T07:19:39.321Z [136/303] Building C object zephyr/subsys/usb/device_next/CMakeFiles/subsys__usb__device_next.dir/usbd_interface.c.obj
2026-10-05T07:19:39.357Z [137/303] Building C object zephyr/subsys/usb/device_next/CMakeFiles/subsys__usb__device_next.dir/usbd_config.c.obj
2026-10-05T07:19:39.546Z [138/303] Building C object zephyr/subsys/usb/device_next/CMakeFiles/subsys__usb__device_next.dir/usbd_endpoint.c.obj
2026-10-05T07:19:39.629Z [139/303] Building C object zephyr/subsys/usb/device_next/CMakeFiles/subsys__usb__device_next.dir/usbd_msg.c.obj
2026-10-05T07:19:39.693Z [140/303] Building C object zephyr/subsys/usb/device_next/CMakeFiles/subsys__usb__device_next.dir/usbd_class.c.obj
2026-10-05T07:19:39.968Z [141/303] Building C object zephyr/subsys/usb/device_next/CMakeFiles/subsys__usb__device_next.dir/class/usbd_cdc_acm.c.obj
2026-10-05T07:19:40.063Z [142/303] Building C object zephyr/drivers/usb/udc/CMakeFiles/drivers__usb__udc.dir/udc_common.c.obj
2026-10-05T07:19:40.128Z [143/303] Building C object zephyr/drivers/usb/common/buf/CMakeFiles/drivers__usb__common__buf.dir/usb_buf.c.obj
2026-10-05T07:19:40.364Z [144/303] Building C object zephyr/subsys/net/CMakeFiles/subsys__net.dir/ip/net_pkt.c.obj
2026-10-05T07:19:40.680Z [145/303] Building C object zephyr/drivers/usb/udc/CMakeFiles/drivers__usb__udc.dir/udc_nrf.c.obj
2026-10-05T07:19:41.178Z [146/303] Building C object zephyr/drivers/entropy/CMakeFiles/drivers__entropy.dir/entropy_nrf5.c.obj
2026-10-05T07:19:41.240Z [147/303] Building C object zephyr/drivers/usb/common/nrf_usbd_common/CMakeFiles/drivers__usb__common__nrf_usbd_common.dir/nrf_usbd_common.c.obj
2026-10-05T07:19:41.266Z [148/303] Building C object zephyr/drivers/entropy/CMakeFiles/drivers__entropy.dir/E_/ncs_workspaces/zigbee-r23-340/nrf/drivers/entropy/entropy_cc3xx.c.obj
2026-10-05T07:19:41.333Z [149/303] Building C object zephyr/drivers/clock_control/CMakeFiles/drivers__clock_control.dir/clock_control_nrf.c.obj
2026-10-05T07:19:41.371Z [150/303] Building C object zephyr/drivers/hwinfo/CMakeFiles/drivers__hwinfo.dir/hwinfo_weak_impl.c.obj
2026-10-05T07:19:41.503Z [151/303] Building C object zephyr/drivers/pinctrl/CMakeFiles/drivers__pinctrl.dir/common.c.obj
2026-10-05T07:19:41.710Z [152/303] Building C object zephyr/drivers/i2c/CMakeFiles/drivers__i2c.dir/i2c_common.c.obj
2026-10-05T07:19:41.765Z [153/303] Building C object zephyr/drivers/hwinfo/CMakeFiles/drivers__hwinfo.dir/hwinfo_nrf.c.obj
2026-10-05T07:19:41.812Z [154/303] Building C object zephyr/drivers/i2c/CMakeFiles/drivers__i2c.dir/i2c_nrfx_twim.c.obj
2026-10-05T07:19:41.896Z [155/303] Building C object zephyr/drivers/serial/CMakeFiles/drivers__serial.dir/E_/ncs_workspaces/zigbee-r23-340/zephyr/misc/empty_file.c.obj
2026-10-05T07:19:42.177Z [156/303] Building C object zephyr/drivers/i2c/CMakeFiles/drivers__i2c.dir/i2c_nrfx_twim_common.c.obj
2026-10-05T07:19:42.658Z [157/303] Building C object zephyr/drivers/gpio/CMakeFiles/drivers__gpio.dir/gpio_nrfx.c.obj
2026-10-05T07:19:42.798Z [158/303] Building C object zephyr/drivers/ieee802154/CMakeFiles/drivers__ieee802154.dir/ieee802154_nrf5.c.obj
2026-10-05T07:19:43.048Z [159/303] Building C object zephyr/drivers/sensor/bosch/bme280/CMakeFiles/drivers__sensor__bosch__bme280.dir/bme280.c.obj
2026-10-05T07:19:43.252Z [160/303] Building C object zephyr/drivers/pinctrl/CMakeFiles/drivers__pinctrl.dir/pinctrl_nrf.c.obj
2026-10-05T07:19:43.313Z [161/303] Building C object modules/nrf/subsys/mpsl/fem/CMakeFiles/..__nrf__subsys__mpsl__fem.dir/api_init/mpsl_fem_api_init.c.obj
2026-10-05T07:19:43.406Z [162/303] Building C object zephyr/drivers/sensor/bosch/bme280/CMakeFiles/drivers__sensor__bosch__bme280.dir/bme280_spi.c.obj
2026-10-05T07:19:43.453Z [163/303] Building C object zephyr/drivers/sensor/bosch/bme280/CMakeFiles/drivers__sensor__bosch__bme280.dir/bme280_i2c.c.obj
2026-10-05T07:19:43.581Z [164/303] Building C object zephyr/drivers/timer/CMakeFiles/drivers__timer.dir/sys_clock_init.c.obj
2026-10-05T07:19:43.753Z [165/303] Building C object modules/nrf/lib/multithreading_lock/CMakeFiles/..__nrf__lib__multithreading_lock.dir/multithreading_lock.c.obj
2026-10-05T07:19:43.911Z [166/303] Building C object zephyr/drivers/timer/CMakeFiles/drivers__timer.dir/nrf_rtc_timer.c.obj
2026-10-05T07:19:43.981Z [167/303] Building C object modules/nrf/subsys/mpsl/init/CMakeFiles/..__nrf__subsys__mpsl__init.dir/mpsl_init.c.obj
2026-10-05T07:19:44.075Z [168/303] Building C object modules/nrf/subsys/mpsl/hwres/CMakeFiles/..__nrf__subsys__mpsl__hwres.dir/mpsl_hwres.c.obj
2026-10-05T07:19:44.129Z [169/303] Building C object modules/nrf/lib/dk_buttons_and_leds/CMakeFiles/..__nrf__lib__dk_buttons_and_leds.dir/dk_buttons_and_leds.c.obj
2026-10-05T07:19:44.526Z [170/303] Building C object modules/hal_nordic/modules/hal_nordic/nrfx/CMakeFiles/nrfx.dir/E_/ncs_workspaces/zigbee-r23-340/modules/hal/nordic/nrfx/bsp/stable/mdk/system_nrf52840.c.obj
2026-10-05T07:19:44.772Z [171/303] Building C object modules/nrf/drivers/hw_cc3xx/CMakeFiles/..__nrf__drivers__hw_cc3xx.dir/hw_cc3xx.c.obj
2026-10-05T07:19:44.864Z [172/303] Linking C static library modules\nrfxlib\nrf_802154\nrf_802154\common\libnrf-802154-common.a
2026-10-05T07:19:44.915Z [173/303] Building C object modules/nrf/drivers/mpsl/clock_control/CMakeFiles/..__nrf__drivers__mpsl__clock_control.dir/nrfx_clock_mpsl.c.obj
2026-10-05T07:19:45.175Z [174/303] Building C object modules/nrf/drivers/mpsl/temp_nrf5/CMakeFiles/..__nrf__drivers__mpsl__temp_nrf5.dir/temp_nrf5_mpsl.c.obj
2026-10-05T07:19:45.361Z [175/303] Building C object modules/hal_nordic/modules/hal_nordic/nrfx/CMakeFiles/nrfx.dir/E_/ncs_workspaces/zigbee-r23-340/modules/hal/nordic/nrfx/helpers/nrfx_flag32_allocator.c.obj
2026-10-05T07:19:45.396Z [176/303] Building C object modules/nrfxlib/nrf_802154/nrf_802154/driver/CMakeFiles/nrf-802154-driver.dir/src/nrf_802154_bsim_utils.c.obj
2026-10-05T07:19:45.466Z [177/303] Building C object modules/hal_nordic/modules/hal_nordic/nrfx/CMakeFiles/nrfx.dir/E_/ncs_workspaces/zigbee-r23-340/modules/hal/nordic/nrfx/helpers/nrfx_ram_ctrl.c.obj
2026-10-05T07:19:45.485Z [178/303] Building C object modules/hal_nordic/modules/hal_nordic/nrfx/CMakeFiles/nrfx.dir/nrfx_glue.c.obj
2026-10-05T07:19:45.583Z [179/303] Building C object modules/hal_nordic/modules/hal_nordic/nrfx/CMakeFiles/nrfx.dir/E_/ncs_workspaces/zigbee-r23-340/modules/hal/nordic/nrfx/helpers/nrfx_gppi_ppi.c.obj
2026-10-05T07:19:46.170Z [180/303] Building C object modules/hal_nordic/modules/hal_nordic/nrfx/CMakeFiles/nrfx.dir/E_/ncs_workspaces/zigbee-r23-340/modules/hal/nordic/nrfx/drivers/src/nrfx_power.c.obj
2026-10-05T07:19:46.774Z [181/303] Building C object modules/nrfxlib/nrf_802154/nrf_802154/driver/CMakeFiles/nrf-802154-driver.dir/src/nrf_802154_aes_ccm_acc_ccm.c.obj
2026-10-05T07:19:46.833Z [182/303] Building C object modules/nrfxlib/nrf_802154/nrf_802154/driver/CMakeFiles/nrf-802154-driver.dir/src/nrf_802154_aes_ccm_acc_ecb.c.obj
2026-10-05T07:19:47.035Z [183/303] Building C object modules/hal_nordic/modules/hal_nordic/nrfx/CMakeFiles/nrfx.dir/E_/ncs_workspaces/zigbee-r23-340/modules/hal/nordic/nrfx/drivers/src/nrfx_twi_twim.c.obj
2026-10-05T07:19:47.132Z [184/303] Building C object modules/nrfxlib/nrf_802154/nrf_802154/driver/CMakeFiles/nrf-802154-driver.dir/src/nrf_802154.c.obj
2026-10-05T07:19:47.310Z [185/303] Building C object modules/nrfxlib/nrf_802154/nrf_802154/driver/CMakeFiles/nrf-802154-driver.dir/src/nrf_802154_bsmap.c.obj
2026-10-05T07:19:47.432Z [186/303] Building C object modules/nrfxlib/nrf_802154/nrf_802154/driver/CMakeFiles/nrf-802154-driver.dir/src/nrf_802154_co.c.obj
2026-10-05T07:19:47.617Z [187/303] Building C object modules/nrfxlib/nrf_802154/nrf_802154/driver/CMakeFiles/nrf-802154-driver.dir/src/nrf_802154_critical_section.c.obj
2026-10-05T07:19:47.721Z [188/303] Building C object modules/hal_nordic/modules/hal_nordic/nrfx/CMakeFiles/nrfx.dir/E_/ncs_workspaces/zigbee-r23-340/modules/hal/nordic/nrfx/drivers/src/nrfx_twim.c.obj
2026-10-05T07:19:47.773Z [189/303] Building C object modules/nrfxlib/nrf_802154/nrf_802154/driver/CMakeFiles/nrf-802154-driver.dir/src/nrf_802154_debug.c.obj
2026-10-05T07:19:47.829Z [190/303] Building C object modules/nrfxlib/nrf_802154/nrf_802154/driver/CMakeFiles/nrf-802154-driver.dir/src/nrf_802154_core_hooks.c.obj
2026-10-05T07:19:48.087Z [191/303] Building C object modules/nrfxlib/nrf_802154/nrf_802154/driver/CMakeFiles/nrf-802154-driver.dir/src/nrf_802154_queue.c.obj
2026-10-05T07:19:48.157Z [192/303] Building C object modules/nrfxlib/nrf_802154/nrf_802154/driver/CMakeFiles/nrf-802154-driver.dir/src/nrf_802154_debug_gpio.c.obj
2026-10-05T07:19:48.321Z [193/303] Building C object modules/nrfxlib/nrf_802154/nrf_802154/driver/CMakeFiles/nrf-802154-driver.dir/src/nrf_802154_rx_buffer.c.obj
2026-10-05T07:19:48.689Z [194/303] Building C object modules/nrfxlib/nrf_802154/nrf_802154/driver/CMakeFiles/nrf-802154-driver.dir/src/nrf_802154_core.c.obj
2026-10-05T07:19:48.941Z [195/303] Building C object modules/nrfxlib/nrf_802154/nrf_802154/driver/CMakeFiles/nrf-802154-driver.dir/src/nrf_802154_notification_direct.c.obj
2026-10-05T07:19:49.257Z [196/303] Building C object modules/hal_nordic/modules/hal_nordic/nrfx/CMakeFiles/nrfx.dir/E_/ncs_workspaces/zigbee-r23-340/modules/hal/nordic/nrfx/drivers/src/nrfx_gpiote.c.obj
2026-10-05T07:19:49.278Z [197/303] Building C object modules/nrfxlib/nrf_802154/nrf_802154/driver/CMakeFiles/nrf-802154-driver.dir/src/nrf_802154_encrypt.c.obj
2026-10-05T07:19:49.425Z [198/303] Building C object modules/nrfxlib/nrf_802154/nrf_802154/driver/CMakeFiles/nrf-802154-driver.dir/src/nrf_802154_request_direct.c.obj
2026-10-05T07:19:49.503Z [199/303] Building C object modules/nrfxlib/nrf_802154/nrf_802154/driver/CMakeFiles/nrf-802154-driver.dir/src/nrf_802154_pib.c.obj
2026-10-05T07:19:49.604Z [200/303] Building C object modules/nrfxlib/nrf_802154/nrf_802154/driver/CMakeFiles/nrf-802154-driver.dir/src/nrf_802154_notification_swi.c.obj
2026-10-05T07:19:49.877Z [201/303] Building C object modules/nrfxlib/nrf_802154/nrf_802154/driver/CMakeFiles/nrf-802154-driver.dir/src/nrf_802154_stats.c.obj
2026-10-05T07:19:50.028Z [202/303] Building C object modules/nrfxlib/nrf_802154/nrf_802154/driver/CMakeFiles/nrf-802154-driver.dir/src/nrf_802154_rssi.c.obj
2026-10-05T07:19:50.092Z [203/303] Building C object modules/nrfxlib/nrf_802154/nrf_802154/driver/CMakeFiles/nrf-802154-driver.dir/src/nrf_802154_request_swi.c.obj
2026-10-05T07:19:50.177Z [204/303] Building C object modules/nrfxlib/nrf_802154/nrf_802154/driver/CMakeFiles/nrf-802154-driver.dir/src/nrf_802154_swi_callouts_weak.c.obj
2026-10-05T07:19:50.261Z [205/303] Building C object modules/nrfxlib/nrf_802154/nrf_802154/driver/CMakeFiles/nrf-802154-driver.dir/src/nrf_802154_swi.c.obj
2026-10-05T07:19:50.331Z [206/303] Building C object modules/nrfxlib/nrf_802154/nrf_802154/driver/CMakeFiles/nrf-802154-driver.dir/src/mac_features/nrf_802154_csma_ca_backoff.c.obj
2026-10-05T07:19:50.559Z [207/303] Building C object modules/nrfxlib/nrf_802154/nrf_802154/driver/CMakeFiles/nrf-802154-driver.dir/src/nrf_802154_trx_dppi.c.obj
2026-10-05T07:19:51.287Z [208/303] Building C object modules/nrfxlib/nrf_802154/nrf_802154/driver/CMakeFiles/nrf-802154-driver.dir/src/nrf_802154_trx.c.obj
2026-10-05T07:19:51.369Z [209/303] Building C object modules/nrfxlib/nrf_802154/nrf_802154/driver/CMakeFiles/nrf-802154-driver.dir/src/nrf_802154_trx_ppi.c.obj
2026-10-05T07:19:51.422Z [210/303] Building C object modules/nrfxlib/nrf_802154/nrf_802154/driver/CMakeFiles/nrf-802154-driver.dir/src/nrf_802154_tx_work_buffer.c.obj
2026-10-05T07:19:51.551Z [211/303] Building C object modules/nrfxlib/nrf_802154/nrf_802154/driver/CMakeFiles/nrf-802154-driver.dir/src/nrf_802154_tx_power.c.obj
2026-10-05T07:19:51.813Z [212/303] Building C object modules/nrfxlib/nrf_802154/nrf_802154/driver/CMakeFiles/nrf-802154-driver.dir/src/mac_features/nrf_802154_csma_ca.c.obj
2026-10-05T07:19:52.004Z [213/303] Building C object modules/nrfxlib/nrf_802154/nrf_802154/driver/CMakeFiles/nrf-802154-driver.dir/src/mac_features/nrf_802154_filter.c.obj
2026-10-05T07:19:52.152Z [214/303] Building C object modules/nrfxlib/nrf_802154/nrf_802154/driver/CMakeFiles/nrf-802154-driver.dir/src/mac_features/nrf_802154_delayed_trx.c.obj
2026-10-05T07:19:52.218Z [215/303] Building C object modules/nrfxlib/nrf_802154/nrf_802154/driver/CMakeFiles/nrf-802154-driver.dir/src/mac_features/nrf_802154_ie_writer.c.obj
2026-10-05T07:19:52.344Z [216/303] Building C object modules/nrfxlib/nrf_802154/nrf_802154/driver/CMakeFiles/nrf-802154-driver.dir/src/mac_features/nrf_802154_frame_parser.c.obj
2026-10-05T07:19:52.421Z [217/303] Building C object modules/nrfxlib/nrf_802154/nrf_802154/driver/CMakeFiles/nrf-802154-driver.dir/src/mac_features/nrf_802154_imm_tx.c.obj
2026-10-05T07:19:52.510Z [218/303] Building C object modules/nrfxlib/nrf_802154/nrf_802154/driver/CMakeFiles/nrf-802154-driver.dir/src/mac_features/nrf_802154_security_writer.c.obj
2026-10-05T07:19:52.582Z [219/303] Building C object modules/nrfxlib/nrf_802154/nrf_802154/driver/CMakeFiles/nrf-802154-driver.dir/src/mac_features/nrf_802154_security_pib_ram.c.obj
2026-10-05T07:19:52.655Z [220/303] Building C object zephyr/drivers/serial/CMakeFiles/drivers__serial.dir/uart_nrfx_uarte.c.obj
2026-10-05T07:19:52.741Z [221/303] Building C object modules/nrfxlib/nrf_802154/nrf_802154/driver/CMakeFiles/nrf-802154-driver.dir/src/mac_features/nrf_802154_precise_ack_timeout.c.obj
2026-10-05T07:19:53.386Z [222/303] Building C object modules/nrfxlib/nrf_802154/nrf_802154/driver/CMakeFiles/nrf-802154-driver.dir/src/mac_features/nrf_802154_tx_timestamp_provider.c.obj
2026-10-05T07:19:53.507Z [223/303] Building C object modules/nrfxlib/nrf_802154/nrf_802154/driver/CMakeFiles/nrf-802154-driver.dir/src/mac_features/ack_generator/nrf_802154_ack_data.c.obj
2026-10-05T07:19:53.667Z [224/303] Building C object modules/nrfxlib/nrf_802154/nrf_802154/driver/CMakeFiles/nrf-802154-driver.dir/src/mac_features/ack_generator/nrf_802154_ack_generator.c.obj
2026-10-05T07:19:53.861Z [225/303] Building C object modules/nrfxlib/nrf_802154/nrf_802154/driver/CMakeFiles/nrf-802154-driver.dir/src/mac_features/ack_generator/nrf_802154_imm_ack_generator.c.obj
2026-10-05T07:19:53.906Z [226/303] Building C object modules/nrfxlib/nrf_802154/nrf_802154/driver/CMakeFiles/nrf-802154-driver.dir/src/mac_features/ack_generator/nrf_802154_enh_ack_generator.c.obj
2026-10-05T07:19:53.983Z [227/303] Building C object zephyr/kernel/CMakeFiles/kernel.dir/main_weak.c.obj
2026-10-05T07:19:54.050Z [228/303] Building C object zephyr/kernel/CMakeFiles/kernel.dir/version.c.obj
2026-10-05T07:19:54.146Z [229/303] Building C object zephyr/kernel/CMakeFiles/kernel.dir/busy_wait.c.obj
2026-10-05T07:19:54.257Z [230/303] Building C object zephyr/kernel/CMakeFiles/kernel.dir/banner.c.obj
2026-10-05T07:19:54.629Z [231/303] Building C object zephyr/kernel/CMakeFiles/kernel.dir/errno.c.obj
2026-10-05T07:19:54.664Z [232/303] Building C object zephyr/kernel/CMakeFiles/kernel.dir/device.c.obj
2026-10-05T07:19:54.982Z [233/303] Building C object zephyr/kernel/CMakeFiles/kernel.dir/init.c.obj
2026-10-05T07:19:55.001Z [234/303] Building C object zephyr/kernel/CMakeFiles/kernel.dir/kheap.c.obj
2026-10-05T07:19:55.121Z [235/303] Building C object zephyr/kernel/CMakeFiles/kernel.dir/mem_slab.c.obj
2026-10-05T07:19:55.161Z [236/303] Building C object zephyr/kernel/CMakeFiles/kernel.dir/fatal.c.obj
2026-10-05T07:19:55.265Z [237/303] Building C object zephyr/kernel/CMakeFiles/kernel.dir/float.c.obj
2026-10-05T07:19:55.775Z [238/303] Building C object zephyr/kernel/CMakeFiles/kernel.dir/idle.c.obj
2026-10-05T07:19:56.038Z [239/303] Building C object zephyr/kernel/CMakeFiles/kernel.dir/mailbox.c.obj
2026-10-05T07:19:56.406Z [240/303] Building C object zephyr/kernel/CMakeFiles/kernel.dir/mutex.c.obj
2026-10-05T07:19:56.447Z [241/303] Building C object zephyr/kernel/CMakeFiles/kernel.dir/msg_q.c.obj
2026-10-05T07:19:56.540Z [242/303] Building C object zephyr/kernel/CMakeFiles/kernel.dir/sem.c.obj
2026-10-05T07:19:56.560Z [243/303] Building C object zephyr/kernel/CMakeFiles/kernel.dir/stack.c.obj
2026-10-05T07:19:56.607Z [244/303] Building C object zephyr/kernel/CMakeFiles/kernel.dir/queue.c.obj
2026-10-05T07:19:56.679Z [245/303] Building C object zephyr/kernel/CMakeFiles/kernel.dir/system_work_q.c.obj
2026-10-05T07:19:57.015Z [246/303] Building C object zephyr/kernel/CMakeFiles/kernel.dir/work.c.obj
2026-10-05T07:19:57.109Z [247/303] Building C object zephyr/kernel/CMakeFiles/kernel.dir/condvar.c.obj
2026-10-05T07:19:57.432Z [248/303] Linking C static library app\libapp.a
2026-10-05T07:19:57.480Z [249/303] Building C object zephyr/kernel/CMakeFiles/kernel.dir/thread.c.obj
2026-10-05T07:19:57.549Z [250/303] Building C object zephyr/CMakeFiles/zephyr_pre0.dir/misc/empty_file.c.obj
2026-10-05T07:19:57.659Z [251/303] Building C object zephyr/kernel/CMakeFiles/kernel.dir/pipe.c.obj
2026-10-05T07:19:57.711Z [252/303] Building C object zephyr/kernel/CMakeFiles/kernel.dir/timeslicing.c.obj
2026-10-05T07:19:57.782Z [253/303] Building C object zephyr/kernel/CMakeFiles/kernel.dir/thread_monitor.c.obj
2026-10-05T07:19:58.064Z [254/303] Linking C static library zephyr\libzephyr.a
2026-10-05T07:19:58.121Z [255/303] Building C object zephyr/kernel/CMakeFiles/kernel.dir/timeout.c.obj
2026-10-05T07:19:58.181Z [256/303] Linking C static library zephyr\arch\common\libarch__common.a
2026-10-05T07:19:58.246Z [257/303] Building C object zephyr/kernel/CMakeFiles/kernel.dir/sched.c.obj
2026-10-05T07:19:58.303Z [258/303] Linking C static library zephyr\arch\arch\arm\core\libarch__arm__core.a
2026-10-05T07:19:58.382Z [259/303] Linking C static library zephyr\arch\arch\arm\core\cortex_m\libarch__arm__core__cortex_m.a
2026-10-05T07:19:58.475Z [260/303] Linking C static library zephyr\arch\arch\arm\core\mpu\libarch__arm__core__mpu.a
2026-10-05T07:19:58.547Z [261/303] Building C object zephyr/kernel/CMakeFiles/kernel.dir/timer.c.obj
2026-10-05T07:19:58.602Z [262/303] Linking C static library zephyr\lib\libc\common\liblib__libc__common.a
2026-10-05T07:19:58.672Z [263/303] Linking C static library zephyr\lib\libc\picolibc\liblib__libc__picolibc.a
2026-10-05T07:19:58.748Z [264/303] Building C object zephyr/kernel/CMakeFiles/kernel.dir/mempool.c.obj
2026-10-05T07:19:58.818Z [265/303] Building C object zephyr/kernel/CMakeFiles/kernel.dir/dynamic_disabled.c.obj
2026-10-05T07:19:58.879Z [266/303] Building C object zephyr/kernel/CMakeFiles/kernel.dir/poll.c.obj
2026-10-05T07:19:58.944Z [267/303] Building C object zephyr/kernel/CMakeFiles/kernel.dir/events.c.obj
2026-10-05T07:19:59.001Z [268/303] Linking C static library zephyr\lib\posix\c_lib_ext\liblib__posix__c_lib_ext.a
2026-10-05T07:19:59.063Z [269/303] Linking C static library zephyr\lib\net_buf\liblib__net_buf.a
2026-10-05T07:19:59.134Z [270/303] Linking C static library zephyr\soc\soc\nrf52840\libsoc__nordic.a
2026-10-05T07:19:59.192Z [271/303] Linking C static library zephyr\subsys\random\libsubsys__random.a
2026-10-05T07:19:59.242Z [272/303] Linking C static library zephyr\subsys\usb\device_next\libsubsys__usb__device_next.a
2026-10-05T07:19:59.305Z [273/303] Linking C static library zephyr\subsys\net\libsubsys__net.a
2026-10-05T07:19:59.371Z [274/303] Linking C static library zephyr\drivers\usb\udc\libdrivers__usb__udc.a
2026-10-05T07:19:59.434Z [275/303] Linking C static library zephyr\drivers\usb\common\buf\libdrivers__usb__common__buf.a
2026-10-05T07:19:59.490Z [276/303] Linking C static library zephyr\drivers\usb\common\nrf_usbd_common\libdrivers__usb__common__nrf_usbd_common.a
2026-10-05T07:19:59.553Z [277/303] Linking C static library zephyr\drivers\clock_control\libdrivers__clock_control.a
2026-10-05T07:19:59.614Z [278/303] Linking C static library zephyr\drivers\entropy\libdrivers__entropy.a
2026-10-05T07:19:59.688Z [279/303] Linking C static library zephyr\drivers\gpio\libdrivers__gpio.a
2026-10-05T07:19:59.756Z [280/303] Linking C static library zephyr\drivers\hwinfo\libdrivers__hwinfo.a
2026-10-05T07:19:59.830Z [281/303] Linking C static library zephyr\drivers\i2c\libdrivers__i2c.a
2026-10-05T07:19:59.882Z [282/303] Linking C static library zephyr\drivers\ieee802154\libdrivers__ieee802154.a
2026-10-05T07:19:59.932Z [283/303] Linking C static library zephyr\drivers\pinctrl\libdrivers__pinctrl.a
2026-10-05T07:19:59.996Z [284/303] Linking C static library zephyr\drivers\sensor\bosch\bme280\libdrivers__sensor__bosch__bme280.a
2026-10-05T07:19:59.997Z [285/303] Linking C static library zephyr\drivers\serial\libdrivers__serial.a
2026-10-05T07:19:59.997Z [286/303] Linking C static library zephyr\drivers\timer\libdrivers__timer.a
2026-10-05T07:19:59.997Z [287/303] Linking C static library modules\nrf\lib\dk_buttons_and_leds\lib..__nrf__lib__dk_buttons_and_leds.a
2026-10-05T07:20:00.106Z [288/303] Linking C static library modules\nrf\lib\multithreading_lock\lib..__nrf__lib__multithreading_lock.a
2026-10-05T07:20:00.122Z [289/303] Linking C static library modules\nrf\subsys\mpsl\init\lib..__nrf__subsys__mpsl__init.a
2026-10-05T07:20:00.190Z [290/303] Linking C static library modules\nrf\subsys\mpsl\fem\lib..__nrf__subsys__mpsl__fem.a
2026-10-05T07:20:00.220Z [291/303] Linking C static library modules\nrf\subsys\mpsl\hwres\lib..__nrf__subsys__mpsl__hwres.a
2026-10-05T07:20:00.260Z [292/303] Linking C static library modules\nrf\drivers\hw_cc3xx\lib..__nrf__drivers__hw_cc3xx.a
2026-10-05T07:20:00.291Z [293/303] Linking C static library modules\nrf\drivers\mpsl\clock_control\lib..__nrf__drivers__mpsl__clock_control.a
2026-10-05T07:20:00.299Z [294/303] Linking C static library modules\nrf\drivers\mpsl\temp_nrf5\lib..__nrf__drivers__mpsl__temp_nrf5.a
2026-10-05T07:20:00.338Z [295/303] Linking C static library modules\hal_nordic\modules\hal_nordic\nrfx\libnrfx.a
2026-10-05T07:20:00.428Z [296/303] Linking C static library zephyr\kernel\libkernel.a
2026-10-05T07:20:00.435Z [297/303] Linking C static library modules\nrfxlib\nrf_802154\nrf_802154\driver\libnrf-802154-driver.a
2026-10-05T07:20:00.777Z [298/303] Linking C executable zephyr\zephyr_pre0.elf; Logical command for additional byproducts on target: zephyr_pre0
2026-10-05T07:20:00.915Z [299/303] Generating linker.cmd
2026-10-05T07:20:01.259Z [300/303] Generating isr_tables.c, isr_tables_vt.ld, isr_tables_swi.ld
2026-10-05T07:20:01.305Z [301/303] Building C object zephyr/CMakeFiles/zephyr_final.dir/misc/empty_file.c.obj
2026-10-05T07:20:01.811Z [302/303] Building C object zephyr/CMakeFiles/zephyr_final.dir/isr_tables.c.obj
2026-10-05T07:20:02.666Z [303/303] Linking C executable zephyr\zephyr.elf
2026-10-05T07:20:02.666Z Memory region         Used Size  Region Size  %age Used
2026-10-05T07:20:02.666Z            FLASH:      132756 B         1 MB     12.66%
2026-10-05T07:20:02.666Z              RAM:       57784 B       256 KB     22.04%
2026-10-05T07:20:02.666Z         IDT_LIST:           0 B        32 KB      0.00%
2026-10-05T07:20:02.666Z Generating files from E:/ncs_workspaces/project/new/802154_sniffer/build/802154_sniffer/zephyr/zephyr.elf for board: promicro_nrf52840_my/nrf52840
2026-10-05T07:20:02.714Z [7/8] No install step for '802154_sniffer'
2026-10-05T07:20:02.801Z [8/8] Completed '802154_sniffer'
